2026-08-19 10:16:23,450 [INFO] __main__: ======================================================================
2026-08-19 10:16:23,450 [INFO] __main__: DISTRICT EVOLUTION INTELLIGENCE SYSTEM
2026-08-19 10:16:23,450 [INFO] __main__: PHASE 3 — L3 CANONICAL IDENTITY
2026-08-19 10:16:23,450 [INFO] __main__: ======================================================================
2026-08-19 10:16:23,453 [INFO] __main__: ============================================================
2026-08-19 10:16:23,453 [INFO] __main__: PHASE 3A — SOURCE IDENTITY QUALIFICATION
2026-08-19 10:16:23,453 [INFO] __main__: ============================================================
2026-08-19 10:16:23,753 [INFO] __main__:   [stanford/1951] 316 records profiled
2026-08-19 10:16:23,931 [INFO] __main__:   [stanford/1961] 341 records profiled
2026-08-19 10:16:24,110 [INFO] __main__:   [stanford/1971] 360 records profiled
2026-08-19 10:16:24,300 [INFO] __main__:   [stanford/1981] 426 records profiled
2026-08-19 10:16:24,497 [INFO] __main__:   [stanford/1991] 468 records profiled
2026-08-19 10:16:24,715 [INFO] __main__:   [stanford/2001] 595 records profiled
2026-08-19 10:16:24,933 [INFO] __main__:   [stanford/2011] 641 records profiled
2026-08-19 10:16:25,215 [INFO] __main__:   [stanford/2021] 735 records profiled
2026-08-19 10:16:27,003 [INFO] __main__:   [soi/2025] 742 records profiled
2026-08-19 10:16:27,029 [INFO] __main__: Phase 3A complete: 4624 total records profiled
2026-08-19 10:16:27,029 [INFO] __main__:   PKs valid: True
2026-08-19 10:16:27,029 [INFO] __main__:   Duplicates found: 1
2026-08-19 10:16:27,036 [INFO] __main__: ============================================================
2026-08-19 10:16:27,036 [INFO] __main__: PHASE 3B — NAME STANDARDIZATION AUDIT
2026-08-19 10:16:27,036 [INFO] __main__: ============================================================
2026-08-19 10:16:27,037 [INFO] __main__:   [soi/2025] 742/742 names changed (100.0%)
2026-08-19 10:16:27,037 [INFO] __main__:     HIGH CHANGE RATE — auditing samples for semantic safety
2026-08-19 10:16:27,043 [INFO] __main__:   [stanford/1951] 316/316 names changed (100.0%)
2026-08-19 10:16:27,043 [INFO] __main__:     HIGH CHANGE RATE — auditing samples for semantic safety
2026-08-19 10:16:27,046 [INFO] __main__:   [stanford/1961] 341/341 names changed (100.0%)
2026-08-19 10:16:27,046 [INFO] __main__:     HIGH CHANGE RATE — auditing samples for semantic safety
2026-08-19 10:16:27,050 [INFO] __main__:   [stanford/1971] 358/360 names changed (99.4%)
2026-08-19 10:16:27,050 [INFO] __main__:     HIGH CHANGE RATE — auditing samples for semantic safety
2026-08-19 10:16:27,053 [INFO] __main__:   [stanford/1981] 425/426 names changed (99.8%)
2026-08-19 10:16:27,053 [INFO] __main__:     HIGH CHANGE RATE — auditing samples for semantic safety
2026-08-19 10:16:27,057 [INFO] __main__:   [stanford/1991] 466/468 names changed (99.6%)
2026-08-19 10:16:27,057 [INFO] __main__:     HIGH CHANGE RATE — auditing samples for semantic safety
2026-08-19 10:16:27,061 [INFO] __main__:   [stanford/2001] 5/595 names changed (0.8%)
2026-08-19 10:16:27,062 [INFO] __main__:   [stanford/2011] 11/641 names changed (1.7%)
2026-08-19 10:16:27,062 [INFO] __main__:   [stanford/2021] 6/735 names changed (0.8%)
2026-08-19 10:16:27,066 [INFO] __main__:   All name changes are representational — no semantic issues
2026-08-19 10:16:27,066 [INFO] __main__: ============================================================
2026-08-19 10:16:27,066 [INFO] __main__: PHASE 3C/D/E — IDENTITY MATCHING & CK ASSIGNMENT
2026-08-19 10:16:27,066 [INFO] __main__: ============================================================
2026-08-19 10:16:27,096 [INFO] __main__: Event index: 889 formations, 266 renames
2026-08-19 10:16:27,097 [INFO] __main__:   [stanford/1951] Processing 316 records (ANCHOR YEAR)
2026-08-19 10:16:27,101 [INFO] __main__:     matched=0, new_ck=316, quarantined=0
2026-08-19 10:16:27,101 [INFO] __main__:   [stanford/1961] Processing 341 records (forward matching)
2026-08-19 10:16:27,110 [INFO] __main__:     matched=169, new_ck=25, quarantined=147
2026-08-19 10:16:27,110 [INFO] __main__:   [stanford/1971] Processing 360 records (forward matching)
2026-08-19 10:16:27,120 [INFO] __main__:     matched=180, new_ck=38, quarantined=142
2026-08-19 10:16:27,120 [INFO] __main__:   [stanford/1981] Processing 426 records (forward matching)
2026-08-19 10:16:27,134 [INFO] __main__:     matched=199, new_ck=77, quarantined=150
2026-08-19 10:16:27,134 [INFO] __main__:   [stanford/1991] Processing 468 records (forward matching)
2026-08-19 10:16:27,153 [INFO] __main__:     matched=135, new_ck=76, quarantined=257
2026-08-19 10:16:27,153 [INFO] __main__:   [stanford/2001] Processing 595 records (forward matching)
2026-08-19 10:16:27,176 [INFO] __main__:     matched=274, new_ck=191, quarantined=130
2026-08-19 10:16:27,177 [INFO] __main__:   [stanford/2011] Processing 641 records (forward matching)
2026-08-19 10:16:27,208 [INFO] __main__:     matched=409, new_ck=79, quarantined=153
2026-08-19 10:16:27,209 [INFO] __main__:   [stanford/2021] Processing 735 records (forward matching)
2026-08-19 10:16:27,237 [INFO] __main__:     matched=474, new_ck=97, quarantined=164
2026-08-19 10:16:27,237 [INFO] __main__:   [soi/2025] Processing 742 records (forward matching)
2026-08-19 10:16:27,261 [INFO] __main__:     matched=537, new_ck=9, quarantined=196
2026-08-19 10:16:27,329 [INFO] __main__: CK Registry: 908 CKs allocated
2026-08-19 10:16:27,329 [INFO] __main__: Mapping: 4624 total, 3285 matched, 1339 quarantined
2026-08-19 10:16:27,329 [INFO] __main__: ============================================================
2026-08-19 10:16:27,329 [INFO] __main__: PHASE 3F — IDENTITY VALIDATION
2026-08-19 10:16:27,329 [INFO] __main__: ============================================================
2026-08-19 10:16:27,331 [INFO] __main__:   [✓ PASS] CK uniqueness in registry: 908 entries
2026-08-19 10:16:27,331 [INFO] __main__:   [✓ PASS] CK immutability (get_or_create): Pattern enforced in code
2026-08-19 10:16:27,331 [INFO] __main__:   [✓ PASS] Source PK uniqueness: All valid
2026-08-19 10:16:27,331 [INFO] __main__:   [✓ PASS] No silent reassignment: Enforced in SourceToCKMapping
2026-08-19 10:16:27,331 [INFO] __main__:   [✓ PASS] Ambiguous quarantine exists: 1339 quarantined records
2026-08-19 10:16:27,331 [INFO] __main__:   [✓ PASS] No CK from name alone: All use multi-dimensional evidence
2026-08-19 10:16:27,331 [INFO] __main__:   [✓ PASS] No CK from geometry alone: No geometry-only matches
2026-08-19 10:16:27,331 [INFO] __main__:   [✓ PASS] OD-01 quarantine framework: Framework in place; no OD-01 cases detected
2026-08-19 10:16:27,331 [INFO] __main__:   [✓ PASS] Provenance completeness: All records have evidence
2026-08-19 10:16:27,331 [INFO] __main__:   [✓ PASS] Deterministic rerun: Ensured by chronological processing + source_pk sort + get_or_create pattern
2026-08-19 10:16:27,356 [INFO] __main__: ======================================================================
2026-08-19 10:16:27,356 [INFO] __main__: PHASE 3 COMPLETE — CANONICAL IDENTITY
2026-08-19 10:16:27,356 [INFO] __main__:   CKs allocated: 908
2026-08-19 10:16:27,356 [INFO] __main__:   Source records mapped: 3285
2026-08-19 10:16:27,356 [INFO] __main__:   Quarantined: 1339
2026-08-19 10:16:27,356 [INFO] __main__:   Unmatched: 1339
2026-08-19 10:16:27,356 [INFO] __main__:   Report: /Users/satyamkumar/Desktop/DistrictEvolution_Final/outputs/identity/identity_validation_report.md
2026-08-19 10:16:27,356 [INFO] __main__: ======================================================================
