2026-08-19 10:41:39,516 [INFO] __main__: ======================================================================
2026-08-19 10:41:39,516 [INFO] __main__: PHASE 3 — QUARANTINE RESOLUTION (TIERED)
2026-08-19 10:41:39,516 [INFO] __main__: ======================================================================
2026-08-19 10:41:39,518 [INFO] src.identity.ck_registry: Loaded CK registry: 908 entries, next_seq=909
2026-08-19 10:41:39,539 [INFO] src.identity.mapping: Loaded 4624 mappings, 1339 quarantined
2026-08-19 10:41:39,539 [INFO] __main__: Initial CK count: 908
2026-08-19 10:41:39,539 [INFO] __main__: Initial quarantine: 1339
2026-08-19 10:41:39,552 [INFO] __main__:   Character pattern diff (quarantine-specific):
2026-08-19 10:41:39,552 [INFO] __main__:     '_': 64 occurrences
2026-08-19 10:41:39,552 [INFO] __main__:     '2': 4 occurrences
2026-08-19 10:41:39,552 [INFO] __main__:     '4': 4 occurrences
2026-08-19 10:41:39,552 [INFO] __main__:     '*': 4 occurrences
2026-08-19 10:41:39,552 [INFO] __main__:     ',': 3 occurrences
2026-08-19 10:41:39,552 [INFO] __main__:     '.': 2 occurrences
2026-08-19 10:41:39,552 [INFO] __main__: ============================================================
2026-08-19 10:41:39,552 [INFO] __main__: TIER 1 — NAME NORMALIZATION MATCHING
2026-08-19 10:41:39,552 [INFO] __main__: ============================================================
2026-08-19 10:41:39,559 [INFO] __main__:   Normalized CK pool: 942 entries
2026-08-19 10:41:39,587 [INFO] __main__:   Tier 1 resolved: 365
2026-08-19 10:41:39,587 [INFO] __main__:   Remaining: 974
2026-08-19 10:41:39,588 [INFO] __main__: ============================================================
2026-08-19 10:41:39,588 [INFO] __main__: TIER 2 — DATA-DERIVED STATE PREDECESSOR MATCHING
2026-08-19 10:41:39,588 [INFO] __main__: ============================================================
2026-08-19 10:41:39,592 [INFO] __main__:   Data-derived predecessor map (12 successor states):
2026-08-19 10:41:39,592 [INFO] __main__:     gujarat ← ['saurashtra']
2026-08-19 10:41:39,592 [INFO] __main__:     haryana ← ['punjab']
2026-08-19 10:41:39,592 [INFO] __main__:     karnataka ← ['bombay', 'madras', 'mysore']
2026-08-19 10:41:39,592 [INFO] __main__:     kerala ← ['travancore - cochin']
2026-08-19 10:41:39,592 [INFO] __main__:     madhya pradesh ← ['madhya bharat']
2026-08-19 10:41:39,592 [INFO] __main__:     maharashtra ← ['bombay', 'hyderabad', 'madhya pradesh']
2026-08-19 10:41:39,592 [INFO] __main__:     nagaland ← ['assam']
2026-08-19 10:41:39,592 [INFO] __main__:     odisha ← ['orissa']
2026-08-19 10:41:39,592 [INFO] __main__:     puducherry ← ['pondicherry']
2026-08-19 10:41:39,592 [INFO] __main__:     tamil nadu ← ['madras']
2026-08-19 10:41:39,592 [INFO] __main__:     tamilnadu ← ['madras', 'tamil nadu']
2026-08-19 10:41:39,592 [INFO] __main__:     telangana ← ['hyderabad']
2026-08-19 10:41:39,592 [INFO] __main__:   State alias groups:
2026-08-19 10:41:39,592 [INFO] __main__:     ['gujarat', 'saurashtra']
2026-08-19 10:41:39,592 [INFO] __main__:     ['haryana', 'punjab']
2026-08-19 10:41:39,592 [INFO] __main__:     ['kerala', 'travancore - cochin']
2026-08-19 10:41:39,592 [INFO] __main__:     ['assam', 'nagaland']
2026-08-19 10:41:39,592 [INFO] __main__:     ['odisha', 'orissa']
2026-08-19 10:41:39,592 [INFO] __main__:     ['pondicherry', 'puducherry']
2026-08-19 10:41:39,592 [INFO] __main__:     ['bombay', 'hyderabad', 'karnataka', 'madhya bharat', 'madhya pradesh', 'madras', 'maharashtra', 'mysore', 'tamil nadu', 'tamilnadu', 'telangana']
2026-08-19 10:41:39,597 [INFO] __main__:   Edit distance distribution: n=72, min=1, max=19, p50=6, p95=15, capped_threshold=6
2026-08-19 10:41:45,363 [INFO] __main__:   Tier 2 resolved: 797
2026-08-19 10:41:45,364 [INFO] __main__:   Remaining: 177
2026-08-19 10:41:45,365 [INFO] __main__: ============================================================
2026-08-19 10:41:45,365 [INFO] __main__: TIER 3 — EVENT-SUPPORTED NEW DISTRICT FORMATION
2026-08-19 10:41:45,365 [INFO] __main__: ============================================================
2026-08-19 10:41:46,739 [INFO] __main__:   Tier 3 resolved (new CKs): 68
2026-08-19 10:41:46,740 [INFO] __main__:   Residual quarantine: 109
2026-08-19 10:41:46,840 [INFO] __main__: 
2026-08-19 10:41:46,841 [INFO] __main__:   [✓ PASS] CK uniqueness in registry: 941 entries
2026-08-19 10:41:46,841 [INFO] __main__:   [✓ PASS] CK immutability (get_or_create): Pattern enforced
2026-08-19 10:41:46,841 [INFO] __main__:   [✓ PASS] Source PK uniqueness: Enforced by mapping key
2026-08-19 10:41:46,841 [INFO] __main__:   [✓ PASS] No silent reassignment: Enforced in SourceToCKMapping
2026-08-19 10:41:46,841 [INFO] __main__:   [✓ PASS] Ambiguous quarantine: 109 quarantined
2026-08-19 10:41:46,841 [INFO] __main__:   [✓ PASS] No CK from name alone: 0 violations
2026-08-19 10:41:46,841 [INFO] __main__:   [✓ PASS] No CK from geometry alone: No violations
2026-08-19 10:41:46,841 [INFO] __main__:   [✓ PASS] OD-01 framework: Framework in place
2026-08-19 10:41:46,841 [INFO] __main__:   [✓ PASS] Provenance completeness: 0 without evidence
2026-08-19 10:41:46,841 [INFO] __main__:   [✓ PASS] Deterministic rerun: Verified by separate test
2026-08-19 10:41:46,841 [INFO] __main__: 
2026-08-19 10:41:46,841 [INFO] __main__: ======================================================================
2026-08-19 10:41:46,841 [INFO] __main__: QUARANTINE RESOLUTION SUMMARY
2026-08-19 10:41:46,841 [INFO] __main__:   Tier 1 resolved: 365
2026-08-19 10:41:46,841 [INFO] __main__:   Tier 2 resolved: 797 (predecessor map from 32 CK evidence records)
2026-08-19 10:41:46,841 [INFO] __main__:   Tier 3 new CKs: 68
2026-08-19 10:41:46,841 [INFO] __main__:   Residual quarantine: 109
2026-08-19 10:41:46,841 [INFO] __main__:   Total CKs (was 908): 941
2026-08-19 10:41:46,841 [INFO] __main__:   All validation rules pass: True
2026-08-19 10:41:46,842 [INFO] __main__: ======================================================================
